rm -Rf node_modules/ && npm install

//https://ide.c9.io/halfnibble_1/web130_jwedekind_grunt
//http://blog.teamtreehouse.com/create-an-absolute-basic-mobile-css-responsive-navigation-menu

git status
git add .
git commit -am "Initial Commit"
git status
git remote add origin https://github.com/hvncodes/web130_final
git pull origin master --allow-unrelated-histories
CTRL O... write out changes, CTRL X to get out???
git push

cogcodes:~/workspace/final_project (master) $ git remote rm origin
cogcodes:~/workspace/final_project (master) $ git remote add origin https://github.com/hvncodes/web130_final
cogcodes:~/workspace/final_project (master) $ git pull
warning: no common commits
remote: Counting objects: 4, done.
remote: Compressing objects: 100% (3/3), done.
remote: Total 4 (delta 0), reused 0 (delta 0), pack-reused 0
Unpacking objects: 100% (4/4), done.
From https://github.com/hvncodes/web130_final
 * [new branch]      master     -> origin/master
There is no tracking information for the current branch.
Please specify which branch you want to merge with.
See git-pull(1) for details.

    git pull <remote> <branch>

If you wish to set tracking information for this branch you can do so with:

    git branch --set-upstream-to=origin/<branch> master

cogcodes:~/workspace/final_project (master) $ git pull origin master
From https://github.com/hvncodes/web130_final
 * branch            master     -> FETCH_HEAD
fatal: refusing to merge unrelated histories
cogcodes:~/workspace/final_project (master) $ git pull origin master --allow-unrelated-histories
From https://github.com/hvncodes/web130_final
 * branch            master     -> FETCH_HEAD
Merge made by the 'recursive' strategy.
 LICENSE   | 21 +++++++++++++++++++++
 README.md |  2 ++
 2 files changed, 23 insertions(+)
 create mode 100644 LICENSE
 create mode 100644 README.md
cogcodes:~/workspace/final_project (master) $ 

cogcodes:~/workspace/final_project (login) $ git status

On branch login
Untracked files:
  (use "git add <file>..." to include in what will be committed)

        login.html

nothing added to commit but untracked files present (use "git add" to track)
cogcodes:~/workspace/final_project (login) $ 
cogcodes:~/workspace/final_project (login) $ git add .
cogcodes:~/workspace/final_project (login) $ git commit -am "Added login.html"
[login bdf9563] Added login.html
 1 file changed, 32 insertions(+)
 create mode 100644 login.html
cogcodes:~/workspace/final_project (login) $ git status
On branch login
nothing to commit, working tree clean
cogcodes:~/workspace/final_project (login) $ git push origin
Username for 'https://github.com': hvncodes
Password for 'https://hvncodes@github.com': 
remote: Invalid username or password.
fatal: Authentication failed for 'https://github.com/hvncodes/web130_final/'
cogcodes:~/workspace/final_project (login) $ git push origin
Username for 'https://github.com': hvncodes
Password for 'https://hvncodes@github.com': 
Counting objects: 3, done.
Delta compression using up to 8 threads.
Compressing objects: 100% (3/3), done.
Writing objects: 100% (3/3), 676 bytes | 676.00 KiB/s, done.
Total 3 (delta 1), reused 0 (delta 0)
remote: Resolving deltas: 100% (1/1), completed with 1 local object.
To https://github.com/hvncodes/web130_final
   9fd92c8..bdf9563  login -> login
cogcodes:~/workspace/final_project (login) $ 


cogcodes:~/workspace/final_project (login) $ git merge master
Already up-to-date.
cogcodes:~/workspace/final_project (login) $ git checkout master
Switched to branch 'master'
Your branch is up-to-date with 'origin/master'.
cogcodes:~/workspace/final_project (master) $ git merge login
Updating 6aa9420..9fd92c8
Fast-forward
 Gruntfile.js   |   11 +-
 css/main.css   | 6284 +++++++++++++++++++++++++++++++++++++++++++++++++++++++++++++++++++++++++++++++++++++++++++++++++++++++++++++++++++++++++++++++++++++++++++++++++++++++++++++++++++++++++++++++++++++++++++++++++++++++++++++++++++++++++++++
 index.html     |   22 +
 sass/main.sass |    3 +-
 4 files changed, 6314 insertions(+), 6 deletions(-)